========== NVILA-Lite-2B-800K | phasevar (all variants) | GPU 5 ==========
Traceback (most recent call last):
  File "/app/VILA/llava/cli/infer_logit_vqa.py", line 12, in <module>
    from llava.mm_utils import process_images
  File "/app/VILA/llava/mm_utils.py", line 27, in <module>
    import torchvision.transforms.v2 as v2
  File "/root/miniconda3/envs/vila/lib/python3.10/site-packages/torchvision/__init__.py", line 6, in <module>
    from torchvision import _meta_registrations, datasets, io, models, ops, transforms, utils
  File "/root/miniconda3/envs/vila/lib/python3.10/site-packages/torchvision/models/__init__.py", line 2, in <module>
    from .convnext import *
  File "/root/miniconda3/envs/vila/lib/python3.10/site-packages/torchvision/models/convnext.py", line 8, in <module>
    from ..ops.misc import Conv2dNormActivation, Permute
  File "/root/miniconda3/envs/vila/lib/python3.10/site-packages/torchvision/ops/__init__.py", line 1, in <module>
    from ._register_onnx_ops import _register_custom_op
  File "/root/miniconda3/envs/vila/lib/python3.10/site-packages/torchvision/ops/_register_onnx_ops.py", line 5, in <module>
    from torch.onnx import symbolic_opset11 as opset11
  File "/root/miniconda3/envs/vila/lib/python3.10/site-packages/torch/onnx/__init__.py", line 46, in <module>
    from ._internal.exporter import (  # usort:skip. needs to be last to avoid circular import
  File "/root/miniconda3/envs/vila/lib/python3.10/site-packages/torch/onnx/_internal/exporter.py", line 44, in <module>
    from torch.onnx._internal.fx import (
  File "/root/miniconda3/envs/vila/lib/python3.10/site-packages/torch/onnx/_internal/fx/__init__.py", line 1, in <module>
    from .patcher import ONNXTorchPatcher
  File "/root/miniconda3/envs/vila/lib/python3.10/site-packages/torch/onnx/_internal/fx/patcher.py", line 11, in <module>
    import transformers  # type: ignore[import]
  File "/root/miniconda3/envs/vila/lib/python3.10/site-packages/transformers/__init__.py", line 26, in <module>
    from . import dependency_versions_check
  File "/root/miniconda3/envs/vila/lib/python3.10/site-packages/transformers/dependency_versions_check.py", line 16, in <module>
    from .utils.versions import require_version, require_version_core
  File "/root/miniconda3/envs/vila/lib/python3.10/site-packages/transformers/utils/__init__.py", line 21, in <module>
    from huggingface_hub import get_full_repo_name  # for backward compatibility
  File "<frozen importlib._bootstrap>", line 1075, in _handle_fromlist
  File "/root/miniconda3/envs/vila/lib/python3.10/site-packages/huggingface_hub/__init__.py", line 1044, in __getattr__
    submod = importlib.import_module(submod_path)
  File "/root/miniconda3/envs/vila/lib/python3.10/importlib/__init__.py", line 126, in import_module
    return _bootstrap._gcd_import(name[level:], package, level)
  File "/root/miniconda3/envs/vila/lib/python3.10/site-packages/huggingface_hub/hf_api.py", line 56, in <module>
    from ._commit_api import (
  File "/root/miniconda3/envs/vila/lib/python3.10/site-packages/huggingface_hub/_commit_api.py", line 20, in <module>
    from .file_download import hf_hub_url
  File "/root/miniconda3/envs/vila/lib/python3.10/site-packages/huggingface_hub/file_download.py", line 22, in <module>
    from ._local_folder import get_local_download_paths, read_download_metadata, write_download_metadata
  File "/root/miniconda3/envs/vila/lib/python3.10/site-packages/huggingface_hub/_local_folder.py", line 61, in <module>
    from .utils import WeakFileLock
  File "/root/miniconda3/envs/vila/lib/python3.10/site-packages/huggingface_hub/utils/__init__.py", line 50, in <module>
    from ._fixes import SoftTemporaryDirectory, WeakFileLock, yaml_dump
  File "/root/miniconda3/envs/vila/lib/python3.10/site-packages/huggingface_hub/utils/_fixes.py", line 21, in <module>
    import yaml
  File "/root/miniconda3/envs/vila/lib/python3.10/site-packages/yaml/__init__.py", line 8, in <module>
    from .loader import *
  File "/root/miniconda3/envs/vila/lib/python3.10/site-packages/yaml/loader.py", line 8, in <module>
    from .constructor import *
  File "/root/miniconda3/envs/vila/lib/python3.10/site-packages/yaml/constructor.py", line 171, in <module>
    class SafeConstructor(BaseConstructor):
KeyboardInterrupt
